Distance Matrix:
0 0.0808109 0.195713 0.125837
0.0808109 0 0.121052 0.0727429
0.195713 0.121052 0 0.15804
0.125837 0.0727429 0.15804 0

Final Progressive Alignment:
sequence1  ARNDCQEGHI LKMFPSTWYV ARNDCQEGHI LKMFPSTWYV ARNDCQEGHI
sequence2  .RNDCQEGHI LKMFPSTWYV ARNDCQEGHI LKMFPSTWYV ARNDCQEGHI
sequence3  ..NDCQEGHI LKMFPSTWYV ARNDCQEGHI LKMFPSTWYV ARNDCQEGHI
sequence4  ...DCQEGHI LKMFPSTWYV ARNDCQEGHI LKMFPSTWYV ARNDCQEGHI

sequence1  LKMFPSTWYV ARNDCQEGHI LKMFPSTWYV ARNDCQEGHI LKMFPSTWYV
sequence2  LKMFPSTWYV ARNDCQEGHI LKMFPSTWYV ARNDCQEGHI LKMFPSTWYV
sequence3  LKMFPSTWYV ARNDCQEGHI LKMFPSTWYV ARNDCQEGHI LKMFPSTWYV
sequence4  LKMFPSTWYV ARNDCQEGHI LKMFPSTWYV ARNDCQEGHI LKMFPSTWYV

sequence1  ARNDCQEGHI LKMFPSTWYV ARNDCQEGHI LKMFPSTWYV ARNDCQEGHI
sequence2  ARNDCQEGHI LKMFPSTWYV ARNDCQEGHI LKMFPSTWYV ARNDCQEGHI
sequence3  ARNDCQEGHI LKMFPSTWYV ARNDCQEGHI LKMFPSTWYV ARNDCQEGHI
sequence4  ARNDCQEGHI LKMFPSTWYV ARNDCQEGHI LKMFPSTWYV ARNDCQEGHI

sequence1  LKMFPSTWYV ARNDCQEGHI LKMFPSTWYV ARNDCQEGHI LKMFPSTWYV
sequence2  LKMFPSTWYV ARNDCQEGHI LKMFPSTWYV ARNDCQEGHI LKMFPSTWYV
sequence3  LKMFPSTWYV ARNDCQEGHI LKMFPSTWYV ARNDCQEGHI LKMFPSTWYV
sequence4  LKMFPSTWYV ARNDCQEGHI LKMFPSTWYV ARNDCQEGHI LKMFPSTWYV

sequence1  ARNDCQEGHI LKMFPSTWYV ARNDCQEGHI LKMFPSTWYV ARNDCQEGHI
sequence2  ARNDCQEGHI LKMFPSTWYV ARNDCQEGHI LKMFPSTWYV ARNDCQEGHI
sequence3  ARNDCQEGHI LKMFPSTWYV ARNDCQEGHI LKMFPSTWYV ARNDCQEGHI
sequence4  ARNDCQEGHI LKMFPSTWYV ARNDCQEGHI LKMFPSTWYV ARNDCQEGHI

sequence1  LKMFPS...
sequence2  LKMFPST..
sequence3  LKMFPSTW.
sequence4  LKMFPSTWY

